---
source: tests/parser.rs
expression: output
---
Root{defs:[Def{kind:Function{name:"negation",params:[Param{name:"x",type:Primitive{type:"I32"}}],body:Expr{type:unresolved,kind:Block{exprs:[Expr{type:unresolved,kind:Return{value:Expr{type:unresolved,kind:UnaryOp{op:"Neg",expr:Expr{type:unresolved,kind:Identifier{name:"x"}}}}}}]}},return_type:Primitive{type:"I32"}}}]}
