---
source: tests/parser.rs
expression: output
---
Root{defs:[Def{kind:Function{name:"negation",params:[Param{name:"x",type:Primitive{type:"I32"}}],body:Expr{type:unresolved,kind:Block{exprs:[Expr{type:unresolved,kind:Return{value:Expr{type:unresolved,kind:UnaryOp{op:"Neg",expr:Expr{type:unresolved,kind:Identifier{name:"x"}}}}}}]}},return_type:Primitive{type:"I32"}}},Def{kind:Function{name:"address_and_deref",params:[Param{name:"x",type:Primitive{type:"I32"}}],body:Expr{type:unresolved,kind:Block{exprs:[Expr{type:unresolved,kind:LetBinding{name:"p",type_annotation:unresolved,value:Expr{type:unresolved,kind:UnaryOp{op:"AddressOf",expr:Expr{type:unresolved,kind:Identifier{name:"x"}}}}}},Expr{type:unresolved,kind:Return{value:Expr{type:unresolved,kind:UnaryOp{op:"Deref",expr:Expr{type:unresolved,kind:Identifier{name:"p"}}}}}}]}},return_type:Primitive{type:"I32"}}}]}
